MPLINK 5.08, LINKER
Linker Map File - Created Sun May 13 15:28:21 2018

                                 Section Info
                  Section       Type    Address   Location Size(Bytes)
                ---------  ---------  ---------  ---------  ---------
                   .org_0       code   0x000000    program   0x000000
                   .org_1       code   0x000000    program   0x0002e8
.config_300000_ULTRASONIDO.O    romdata   0x300000    program   0x000001
.config_300001_ULTRASONIDO.O    romdata   0x300001    program   0x000001
.config_300002_ULTRASONIDO.O    romdata   0x300002    program   0x000001
.config_300003_ULTRASONIDO.O    romdata   0x300003    program   0x000001
.config_300005_ULTRASONIDO.O    romdata   0x300005    program   0x000001
.config_300006_ULTRASONIDO.O    romdata   0x300006    program   0x000001
.config_300008_ULTRASONIDO.O    romdata   0x300008    program   0x000001
.config_300009_ULTRASONIDO.O    romdata   0x300009    program   0x000001
.config_30000A_ULTRASONIDO.O    romdata   0x30000a    program   0x000001
.config_30000B_ULTRASONIDO.O    romdata   0x30000b    program   0x000001
.config_30000C_ULTRASONIDO.O    romdata   0x30000c    program   0x000001
.config_30000D_ULTRASONIDO.O    romdata   0x30000d    program   0x000001



                              Program Memory Usage 
                               Start         End      
                           ---------   ---------      
                            0x000000    0x0002e7      
                            0x300000    0x300003      
                            0x300005    0x300006      
                            0x300008    0x30000d      
            756 out of 33048 program addresses used, program memory utilization is 2%



                              Symbols - Sorted by Name
                     Name    Address   Location    Storage File                     
                ---------  ---------  ---------  --------- ---------                
                       A5   0x000234    program     static C:\Users\DARCH\MPLABXProjects\ultrasonido.X\ultrasonido.asm
                       A6   0x000242    program     static C:\Users\DARCH\MPLABXProjects\ultrasonido.X\ultrasonido.asm
                       A7   0x0001b0    program     static C:\Users\DARCH\MPLABXProjects\ultrasonido.X\ultrasonido.asm
                       A8   0x0001fa    program     static C:\Users\DARCH\MPLABXProjects\ultrasonido.X\ultrasonido.asm
                      ADD   0x00026c    program     static C:\Users\DARCH\MPLABXProjects\ultrasonido.X\ultrasonido.asm
                       B1   0x000020    program     static C:\Users\DARCH\MPLABXProjects\ultrasonido.X\ultrasonido.asm
                       B2   0x000026    program     static C:\Users\DARCH\MPLABXProjects\ultrasonido.X\ultrasonido.asm
                       B3   0x000030    program     static C:\Users\DARCH\MPLABXProjects\ultrasonido.X\ultrasonido.asm
                       B4   0x000090    program     static C:\Users\DARCH\MPLABXProjects\ultrasonido.X\ultrasonido.asm
                       B5   0x000096    program     static C:\Users\DARCH\MPLABXProjects\ultrasonido.X\ultrasonido.asm
                       B6   0x0000a0    program     static C:\Users\DARCH\MPLABXProjects\ultrasonido.X\ultrasonido.asm
                       B7   0x0000a6    program     static C:\Users\DARCH\MPLABXProjects\ultrasonido.X\ultrasonido.asm
                       B8   0x0000b0    program     static C:\Users\DARCH\MPLABXProjects\ultrasonido.X\ultrasonido.asm
                       B9   0x0000b6    program     static C:\Users\DARCH\MPLABXProjects\ultrasonido.X\ultrasonido.asm
            CONFIGURATION   0x0000d0    program     static C:\Users\DARCH\MPLABXProjects\ultrasonido.X\ultrasonido.asm
                 DIVISION   0x000224    program     static C:\Users\DARCH\MPLABXProjects\ultrasonido.X\ultrasonido.asm
                       IN   0x00000e    program     static C:\Users\DARCH\MPLABXProjects\ultrasonido.X\ultrasonido.asm
                     MAIN   0x00000e    program     static C:\Users\DARCH\MPLABXProjects\ultrasonido.X\ultrasonido.asm
                 MULTIPLY   0x000180    program     static C:\Users\DARCH\MPLABXProjects\ultrasonido.X\ultrasonido.asm
                      OUT   0x000014    program     static C:\Users\DARCH\MPLABXProjects\ultrasonido.X\ultrasonido.asm
                    PULSO   0x000116    program     static C:\Users\DARCH\MPLABXProjects\ultrasonido.X\ultrasonido.asm
              SUBTRACTION   0x000286    program     static C:\Users\DARCH\MPLABXProjects\ultrasonido.X\ultrasonido.asm
                    Start   0x000004    program     static C:\Users\DARCH\MPLABXProjects\ultrasonido.X\ultrasonido.asm
           TEMPO_RECOVERY   0x0002c6    program     static C:\Users\DARCH\MPLABXProjects\ultrasonido.X\ultrasonido.asm
              TEMPO_STORE   0x0002a4    program     static C:\Users\DARCH\MPLABXProjects\ultrasonido.X\ultrasonido.asm



                              Symbols - Sorted by Address
                     Name    Address   Location    Storage File                     
                ---------  ---------  ---------  --------- ---------                
                    Start   0x000004    program     static C:\Users\DARCH\MPLABXProjects\ultrasonido.X\ultrasonido.asm
                     MAIN   0x00000e    program     static C:\Users\DARCH\MPLABXProjects\ultrasonido.X\ultrasonido.asm
                       IN   0x00000e    program     static C:\Users\DARCH\MPLABXProjects\ultrasonido.X\ultrasonido.asm
                      OUT   0x000014    program     static C:\Users\DARCH\MPLABXProjects\ultrasonido.X\ultrasonido.asm
                       B1   0x000020    program     static C:\Users\DARCH\MPLABXProjects\ultrasonido.X\ultrasonido.asm
                       B2   0x000026    program     static C:\Users\DARCH\MPLABXProjects\ultrasonido.X\ultrasonido.asm
                       B3   0x000030    program     static C:\Users\DARCH\MPLABXProjects\ultrasonido.X\ultrasonido.asm
                       B4   0x000090    program     static C:\Users\DARCH\MPLABXProjects\ultrasonido.X\ultrasonido.asm
                       B5   0x000096    program     static C:\Users\DARCH\MPLABXProjects\ultrasonido.X\ultrasonido.asm
                       B6   0x0000a0    program     static C:\Users\DARCH\MPLABXProjects\ultrasonido.X\ultrasonido.asm
                       B7   0x0000a6    program     static C:\Users\DARCH\MPLABXProjects\ultrasonido.X\ultrasonido.asm
                       B8   0x0000b0    program     static C:\Users\DARCH\MPLABXProjects\ultrasonido.X\ultrasonido.asm
                       B9   0x0000b6    program     static C:\Users\DARCH\MPLABXProjects\ultrasonido.X\ultrasonido.asm
            CONFIGURATION   0x0000d0    program     static C:\Users\DARCH\MPLABXProjects\ultrasonido.X\ultrasonido.asm
                    PULSO   0x000116    program     static C:\Users\DARCH\MPLABXProjects\ultrasonido.X\ultrasonido.asm
                 MULTIPLY   0x000180    program     static C:\Users\DARCH\MPLABXProjects\ultrasonido.X\ultrasonido.asm
                       A7   0x0001b0    program     static C:\Users\DARCH\MPLABXProjects\ultrasonido.X\ultrasonido.asm
                       A8   0x0001fa    program     static C:\Users\DARCH\MPLABXProjects\ultrasonido.X\ultrasonido.asm
                 DIVISION   0x000224    program     static C:\Users\DARCH\MPLABXProjects\ultrasonido.X\ultrasonido.asm
                       A5   0x000234    program     static C:\Users\DARCH\MPLABXProjects\ultrasonido.X\ultrasonido.asm
                       A6   0x000242    program     static C:\Users\DARCH\MPLABXProjects\ultrasonido.X\ultrasonido.asm
                      ADD   0x00026c    program     static C:\Users\DARCH\MPLABXProjects\ultrasonido.X\ultrasonido.asm
              SUBTRACTION   0x000286    program     static C:\Users\DARCH\MPLABXProjects\ultrasonido.X\ultrasonido.asm
              TEMPO_STORE   0x0002a4    program     static C:\Users\DARCH\MPLABXProjects\ultrasonido.X\ultrasonido.asm
           TEMPO_RECOVERY   0x0002c6    program     static C:\Users\DARCH\MPLABXProjects\ultrasonido.X\ultrasonido.asm


